// Jest Snapshot v1, https://goo.gl/fbAQLP

exports[`AdjustableInput should render correctly 1`] = `
<div>
  <button>
    -
  </button>
   
  <input />
   
  <button>
    +
  </button>
</div>
`;
